rule dump
    command = echo ${v1}+${v2}+${v3}+${v4}+${v5} > ${out}
build out3.2: dump 
    # environment: [[("v5","i1"),("v1","g4")]]
build out3.3: dump 
    # environment: [[("v5","i1"),("v1","g4")]]
build out3.4: dump 
    # environment: [[("v4","s1"),("v5","s2")],[("v5","i1"),("v1","g4")]]
build out3.1: dump 
    # environment: [[("v5","i1"),("v1","g4")]]
    v2 = b1
